>>> mul = __import__("101-lazy_matrix_mul").lazy_matrix_mul

>>> m_a = [[2, 3, 4], [1, 2, 3]]
>>> m_b =[[1, 2, 3], [2, 4, 6], [3, 2, 1]]

>>> mul(m_a, m_b)
array([[20, 24, 28],
       [14, 16, 18]])

>>> mul("foo", m_b)
Traceback (most recent call last):
TypeError: m_a must be a list

>>> mul(m_a, "spam")
Traceback (most recent call last):
TypeError: m_b must be a list

>>> mul([1, 3, 4], m_b)
Traceback (most recent call last):
TypeError: m_a must be a list of lists

>>> mul(m_a, [2, 5, 6])
Traceback (most recent call last):
TypeError: m_b must be a list of lists

>>> mul([], m_b)
Traceback (most recent call last):
ValueError: m_a can't be empty

>>> mul(m_a, [[]])
Traceback (most recent call last):
ValueError: m_b can't be empty

>>> mul([['foo', 'faf'], ['far', 'foo']], m_b)
Traceback (most recent call last):
TypeError: m_a should contain only integers or floats

>>> mul(m_a, [['foo', 'faf'], ['far', 'foo']])
Traceback (most recent call last):
TypeError: m_b should contain only integers or floats

>>> m_b.append([5, 4])
>>> mul(m_b, m_a)
Traceback (most recent call last):
TypeError: each row of m_a must be of the same size

>>> mul(m_a, m_b)
Traceback (most recent call last):
TypeError: each row of m_b must be of the same size

>>> mul(m_a, m_a)
Traceback (most recent call last):
ValueError: m_a and m_b can't be multiplied

>>> mul(m_a)
Traceback (most recent call last):
TypeError: lazy_matrix_mul() missing 1 required positional argument: 'm_b'

>>> mul()
Traceback (most recent call last):
TypeError: lazy_matrix_mul() missing 2 required positional arguments: 'm_a' and 'm_b'
